I'm sorry, but errors were detected in your script. Please correct the
errors listed below, and try again.


File "game/script.rpy", line 2897: expected 'image_name_component' not found.
    show 
         ^

Ren'Py Version: Ren'Py 8.0.3.22090809
Mon Apr 17 11:40:02 2023
